
> app@0.0.0 build
> tsc -b && vite build

src/components/admin/AddMemberModal.tsx(5,13): error TS6133: 'Save' is declared but its value is never read.
src/components/admin/CreateGrandLodgeModal.tsx(4,34): error TS6133: 'Calendar' is declared but its value is never read.
src/components/admin/CreateGrandLodgeModal.tsx(4,52): error TS6133: 'LinkIcon' is declared but its value is never read.
src/components/admin/ManageResourceModal.tsx(17,12): error TS6133: 'logias' is declared but its value is never read.
src/components/layout/VideoModal.tsx(2,19): error TS6133: 'Pause' is declared but its value is never read.
